src/app/tournaments/[id]/page.tsx(5,24): error TS2307: Cannot find module '@/components/Header' or its corresponding type declarations.
src/app/tournaments/[id]/page.tsx(10,8): error TS2307: Cannot find module '@/components/SEO' or its corresponding type declarations.
src/app/tournaments/[id]/page.tsx(14,8): error TS2307: Cannot find module '@/hooks/useTournaments' or its corresponding type declarations.
src/app/tournaments/[id]/page.tsx(15,28): error TS2307: Cannot find module '@/hooks/useMatches' or its corresponding type declarations.
src/app/tournaments/[id]/page.tsx(16,41): error TS2307: Cannot find module '@/hooks/useRealtimeParticipants' or its corresponding type declarations.
src/app/tournaments/[id]/page.tsx(17,35): error TS2307: Cannot find module '@/components/tournaments/TournamentBracket' or its corresponding type declarations.
src/app/tournaments/[id]/page.tsx(18,25): error TS2307: Cannot find module '@/hooks/useAuth' or its corresponding type declarations.
src/app/tournaments/[id]/page.tsx(19,30): error TS2307: Cannot find module '@/hooks/useFollowers' or its corresponding type declarations.
src/app/tournaments/[id]/page.tsx(20,58): error TS2307: Cannot find module '@/components/ui/card' or its corresponding type declarations.
src/app/tournaments/[id]/page.tsx(21,24): error TS2307: Cannot find module '@/components/ui/button' or its corresponding type declarations.
src/app/tournaments/[id]/page.tsx(22,53): error TS2307: Cannot find module '@/components/ui/avatar' or its corresponding type declarations.
src/app/tournaments/[id]/page.tsx(23,26): error TS2307: Cannot find module '@/components/ui/skeleton' or its corresponding type declarations.
src/app/tournaments/[id]/page.tsx(24,23): error TS2307: Cannot find module '@/components/ui/badge' or its corresponding type declarations.
src/app/tournaments/[id]/page.tsx(43,63): error TS2307: Cannot find module '@/types' or its corresponding type declarations.
src/app/tournaments/[id]/page.tsx(44,26): error TS2307: Cannot find module '@/components/GameIcon' or its corresponding type declarations.
src/app/tournaments/[id]/page.tsx(47,38): error TS2307: Cannot find module '@/components/JoinTournamentDialog' or its corresponding type declarations.
src/app/tournaments/[id]/page.tsx(48,30): error TS2307: Cannot find module '@/components/ReportDialog' or its corresponding type declarations.
src/app/tournaments/[id]/page.tsx(50,38): error TS2307: Cannot find module '@/lib/links' or its corresponding type declarations.
src/hooks/useTournaments.ts(14,20): error TS2307: Cannot find module '@/lib/firebase' or its corresponding type declarations.
src/hooks/useTournaments.ts(15,70): error TS2307: Cannot find module '@/types' or its corresponding type declarations.
src/hooks/useTournaments.ts(16,26): error TS2307: Cannot find module '@/hooks/use-toast' or its corresponding type declarations.
